// Jest Snapshot v1, https://goo.gl/fbAQLP

exports[`ProductCardComponent should render correctly 1`] = `
ShallowWrapper {
  Symbol(enzyme.__root__): [Circular],
  Symbol(enzyme.__unrendered__): <ProductCard />,
  Symbol(enzyme.__renderer__): Object {
    "batchedUpdates": [Function],
    "getNode": [Function],
    "render": [Function],
    "simulateError": [Function],
    "simulateEvent": [Function],
    "unmount": [Function],
  },
  Symbol(enzyme.__node__): Object {
    "instance": null,
    "key": undefined,
    "nodeType": "host",
    "props": Object {
      "children": Array [
        <div
          className="cover-image w-full bg-grey-darker text-center"
        >
          <img
            alt="Sunset in the mountains"
            className="cover-image w-full max-w-px-150 min-w-px-80"
            onError={[Function]}
            src="https://vishnucramesh.github.io/ProductListing/assets/undefined"
          />
        </div>,
        <div
          className="pad-top-24 pad-bottom-90 w-full"
        >
          <div
            className="text-sm text-container w-full"
          >
            <div
              className="inner-text-container"
            />
          </div>
        </div>,
      ],
      "className": "overflow-hidden text-grey-lighter",
    },
    "ref": null,
    "rendered": Array [
      Object {
        "instance": null,
        "key": undefined,
        "nodeType": "host",
        "props": Object {
          "children": <img
            alt="Sunset in the mountains"
            className="cover-image w-full max-w-px-150 min-w-px-80"
            onError={[Function]}
            src="https://vishnucramesh.github.io/ProductListing/assets/undefined"
          />,
          "className": "cover-image w-full bg-grey-darker text-center",
        },
        "ref": null,
        "rendered": Object {
          "instance": null,
          "key": undefined,
          "nodeType": "host",
          "props": Object {
            "alt": "Sunset in the mountains",
            "className": "cover-image w-full max-w-px-150 min-w-px-80",
            "onError": [Function],
            "src": "https://vishnucramesh.github.io/ProductListing/assets/undefined",
          },
          "ref": null,
          "rendered": null,
          "type": "img",
        },
        "type": "div",
      },
      Object {
        "instance": null,
        "key": undefined,
        "nodeType": "host",
        "props": Object {
          "children": <div
            className="text-sm text-container w-full"
          >
            <div
              className="inner-text-container"
            />
          </div>,
          "className": "pad-top-24 pad-bottom-90 w-full",
        },
        "ref": null,
        "rendered": Object {
          "instance": null,
          "key": undefined,
          "nodeType": "host",
          "props": Object {
            "children": <div
              className="inner-text-container"
            />,
            "className": "text-sm text-container w-full",
          },
          "ref": null,
          "rendered": Object {
            "instance": null,
            "key": undefined,
            "nodeType": "host",
            "props": Object {
              "children": undefined,
              "className": "inner-text-container",
            },
            "ref": null,
            "rendered": null,
            "type": "div",
          },
          "type": "div",
        },
        "type": "div",
      },
    ],
    "type": "div",
  },
  Symbol(enzyme.__nodes__): Array [
    Object {
      "instance": null,
      "key": undefined,
      "nodeType": "host",
      "props": Object {
        "children": Array [
          <div
            className="cover-image w-full bg-grey-darker text-center"
          >
            <img
              alt="Sunset in the mountains"
              className="cover-image w-full max-w-px-150 min-w-px-80"
              onError={[Function]}
              src="https://vishnucramesh.github.io/ProductListing/assets/undefined"
            />
          </div>,
          <div
            className="pad-top-24 pad-bottom-90 w-full"
          >
            <div
              className="text-sm text-container w-full"
            >
              <div
                className="inner-text-container"
              />
            </div>
          </div>,
        ],
        "className": "overflow-hidden text-grey-lighter",
      },
      "ref": null,
      "rendered": Array [
        Object {
          "instance": null,
          "key": undefined,
          "nodeType": "host",
          "props": Object {
            "children": <img
              alt="Sunset in the mountains"
              className="cover-image w-full max-w-px-150 min-w-px-80"
              onError={[Function]}
              src="https://vishnucramesh.github.io/ProductListing/assets/undefined"
            />,
            "className": "cover-image w-full bg-grey-darker text-center",
          },
          "ref": null,
          "rendered": Object {
            "instance": null,
            "key": undefined,
            "nodeType": "host",
            "props": Object {
              "alt": "Sunset in the mountains",
              "className": "cover-image w-full max-w-px-150 min-w-px-80",
              "onError": [Function],
              "src": "https://vishnucramesh.github.io/ProductListing/assets/undefined",
            },
            "ref": null,
            "rendered": null,
            "type": "img",
          },
          "type": "div",
        },
        Object {
          "instance": null,
          "key": undefined,
          "nodeType": "host",
          "props": Object {
            "children": <div
              className="text-sm text-container w-full"
            >
              <div
                className="inner-text-container"
              />
            </div>,
            "className": "pad-top-24 pad-bottom-90 w-full",
          },
          "ref": null,
          "rendered": Object {
            "instance": null,
            "key": undefined,
            "nodeType": "host",
            "props": Object {
              "children": <div
                className="inner-text-container"
              />,
              "className": "text-sm text-container w-full",
            },
            "ref": null,
            "rendered": Object {
              "instance": null,
              "key": undefined,
              "nodeType": "host",
              "props": Object {
                "children": undefined,
                "className": "inner-text-container",
              },
              "ref": null,
              "rendered": null,
              "type": "div",
            },
            "type": "div",
          },
          "type": "div",
        },
      ],
      "type": "div",
    },
  ],
  Symbol(enzyme.__options__): Object {
    "adapter": ReactSixteenAdapter {
      "options": Object {
        "enableComponentDidUpdateOnSetState": true,
        "lifecycles": Object {
          "componentDidUpdate": Object {
            "onSetState": true,
          },
          "getDerivedStateFromProps": true,
          "getSnapshotBeforeUpdate": true,
          "setState": Object {
            "skipsComponentDidUpdateOnNullish": true,
          },
        },
      },
    },
  },
}
`;
